{"candidate": "uniform", "seed": 0, "updates": 1000, "event_p": 0.02182886004447937, "grid_recall": 0.0, "outside_fp": 0.0}
{"candidate": "uniform", "seed": 0, "updates": 3000, "event_p": 0.03030661679804325, "grid_recall": 0.0, "outside_fp": 0.0}
{"candidate": "uniform", "seed": 1, "updates": 1000, "event_p": 0.02309008128941059, "grid_recall": 0.0, "outside_fp": 0.0}
{"candidate": "uniform", "seed": 1, "updates": 3000, "event_p": 0.02254941314458847, "grid_recall": 0.0, "outside_fp": 0.0}
{"candidate": "uniform", "seed": 2, "updates": 1000, "event_p": 0.03227090835571289, "grid_recall": 0.0, "outside_fp": 0.0}
{"candidate": "uniform", "seed": 2, "updates": 3000, "event_p": 0.028248881921172142, "grid_recall": 0.0, "outside_fp": 0.0}
{"candidate": "high_change", "seed": 0, "updates": 1000, "event_p": 0.7334024310112, "grid_recall": 0.47101449275362317, "outside_fp": 0.5366666666666666}
{"candidate": "high_change", "seed": 0, "updates": 3000, "event_p": 0.9215283989906311, "grid_recall": 0.427536231884058, "outside_fp": 0.42}
{"candidate": "high_change", "seed": 1, "updates": 1000, "event_p": 0.7184622883796692, "grid_recall": 0.5652173913043478, "outside_fp": 0.575}
{"candidate": "high_change", "seed": 1, "updates": 3000, "event_p": 0.8862645626068115, "grid_recall": 0.38164251207729466, "outside_fp": 0.405}
{"candidate": "high_change", "seed": 2, "updates": 1000, "event_p": 0.7174029350280762, "grid_recall": 0.642512077294686, "outside_fp": 0.605}
{"candidate": "high_change", "seed": 2, "updates": 3000, "event_p": 0.9066717028617859, "grid_recall": 0.37681159420289856, "outside_fp": 0.40166666666666667}
{"navigation": ["high_change", 0], "planner_seed": 40000, "start": "default", "door_open_step": null, "goal_reached_step": null, "success": false, "final_distance": 0.335000012891348, "steps": 100, "model_transitions": 1555200, "wall_seconds": 1.2587232498917729}
{"navigation": ["high_change", 0], "planner_seed": 40000, "start": "experienced_event", "door_open_step": null, "goal_reached_step": null, "success": false, "final_distance": 0.3357105949008417, "steps": 100, "model_transitions": 1555200, "wall_seconds": 1.2420005419990048}
{"navigation": ["high_change", 0], "planner_seed": 40001, "start": "default", "door_open_step": null, "goal_reached_step": null, "success": false, "final_distance": 0.3350033730665225, "steps": 100, "model_transitions": 1555200, "wall_seconds": 1.2486961669055745}
{"navigation": ["high_change", 0], "planner_seed": 40001, "start": "experienced_event", "door_open_step": null, "goal_reached_step": null, "success": false, "final_distance": 0.3350457709308917, "steps": 100, "model_transitions": 1555200, "wall_seconds": 1.2153358749346808}
{"navigation": ["high_change", 0], "planner_seed": 40002, "start": "default", "door_open_step": null, "goal_reached_step": null, "success": false, "final_distance": 0.3350000000169993, "steps": 100, "model_transitions": 1555200, "wall_seconds": 1.2201584170106798}
{"navigation": ["high_change", 0], "planner_seed": 40002, "start": "experienced_event", "door_open_step": 1, "goal_reached_step": 45, "success": true, "final_distance": 0.0036147646080290897, "steps": 100, "model_transitions": 1555200, "wall_seconds": 1.2119107079925016}
{"navigation": ["high_change", 1], "planner_seed": 40000, "start": "default", "door_open_step": null, "goal_reached_step": null, "success": false, "final_distance": 0.33871070101990564, "steps": 100, "model_transitions": 1555200, "wall_seconds": 1.2178208749974146}
{"navigation": ["high_change", 1], "planner_seed": 40000, "start": "experienced_event", "door_open_step": null, "goal_reached_step": null, "success": false, "final_distance": 0.3432928030922486, "steps": 100, "model_transitions": 1555200, "wall_seconds": 1.2199826249852777}
{"navigation": ["high_change", 1], "planner_seed": 40001, "start": "default", "door_open_step": null, "goal_reached_step": null, "success": false, "final_distance": 0.3387106834045545, "steps": 100, "model_transitions": 1555200, "wall_seconds": 1.2138755000196397}
{"navigation": ["high_change", 1], "planner_seed": 40001, "start": "experienced_event", "door_open_step": null, "goal_reached_step": null, "success": false, "final_distance": 0.343292730270986, "steps": 100, "model_transitions": 1555200, "wall_seconds": 1.2235507080331445}
{"navigation": ["high_change", 1], "planner_seed": 40002, "start": "default", "door_open_step": null, "goal_reached_step": null, "success": false, "final_distance": 0.33593151933476095, "steps": 100, "model_transitions": 1555200, "wall_seconds": 1.212188750039786}
{"navigation": ["high_change", 1], "planner_seed": 40002, "start": "experienced_event", "door_open_step": null, "goal_reached_step": null, "success": false, "final_distance": 0.33871076400953815, "steps": 100, "model_transitions": 1555200, "wall_seconds": 1.2352610840462148}
{"navigation": ["high_change", 2], "planner_seed": 40000, "start": "default", "door_open_step": null, "goal_reached_step": null, "success": false, "final_distance": 0.3432925667775381, "steps": 100, "model_transitions": 1555200, "wall_seconds": 1.2145163749810308}
{"navigation": ["high_change", 2], "planner_seed": 40000, "start": "experienced_event", "door_open_step": null, "goal_reached_step": null, "success": false, "final_distance": 0.3496063230001127, "steps": 100, "model_transitions": 1555200, "wall_seconds": 1.2110722500365227}
{"navigation": ["high_change", 2], "planner_seed": 40001, "start": "default", "door_open_step": null, "goal_reached_step": null, "success": false, "final_distance": 0.349606488152405, "steps": 100, "model_transitions": 1555200, "wall_seconds": 1.2157447909703478}
{"navigation": ["high_change", 2], "planner_seed": 40001, "start": "experienced_event", "door_open_step": null, "goal_reached_step": null, "success": false, "final_distance": 0.3432925343689186, "steps": 100, "model_transitions": 1555200, "wall_seconds": 1.2246054171118885}
{"navigation": ["high_change", 2], "planner_seed": 40002, "start": "default", "door_open_step": null, "goal_reached_step": null, "success": false, "final_distance": 0.34960648032538816, "steps": 100, "model_transitions": 1555200, "wall_seconds": 1.2232012909371406}
{"navigation": ["high_change", 2], "planner_seed": 40002, "start": "experienced_event", "door_open_step": null, "goal_reached_step": null, "success": false, "final_distance": 0.34960630625698635, "steps": 100, "model_transitions": 1555200, "wall_seconds": 1.2173742919694632}
{"navigation": ["knn", null], "planner_seed": 40000, "start": "default", "door_open_step": null, "goal_reached_step": null, "success": false, "final_distance": 0.3359315354221074, "steps": 100, "model_transitions": 172800, "wall_seconds": 2.4563472089357674}
{"navigation": ["knn", null], "planner_seed": 40000, "start": "experienced_event", "door_open_step": null, "goal_reached_step": null, "success": false, "final_distance": 0.3387107714529267, "steps": 100, "model_transitions": 172800, "wall_seconds": 2.446798540884629}
{"navigation": ["knn", null], "planner_seed": 40001, "start": "default", "door_open_step": null, "goal_reached_step": null, "success": false, "final_distance": 0.3350000000000001, "steps": 100, "model_transitions": 172800, "wall_seconds": 2.4860895411111414}
{"navigation": ["knn", null], "planner_seed": 40001, "start": "experienced_event", "door_open_step": null, "goal_reached_step": null, "success": false, "final_distance": 0.3387107714529267, "steps": 100, "model_transitions": 172800, "wall_seconds": 2.5429876670241356}
{"navigation": ["knn", null], "planner_seed": 40002, "start": "default", "door_open_step": null, "goal_reached_step": null, "success": false, "final_distance": 0.3350000000000001, "steps": 100, "model_transitions": 172800, "wall_seconds": 2.5070668749976903}
{"navigation": ["knn", null], "planner_seed": 40002, "start": "experienced_event", "door_open_step": null, "goal_reached_step": null, "success": false, "final_distance": 0.33593153748985416, "steps": 100, "model_transitions": 172800, "wall_seconds": 2.5335486660478637}
